2026/09/05 23:38:26 [notice] 1#1: using the "epoll" event method
2026/09/05 23:38:26 [notice] 1#1: nginx/1.31.5
2026/09/05 23:38:26 [notice] 1#1: built by gcc 15.2.0 (Alpine 15.2.0) 
2026/09/05 23:38:26 [notice] 1#1: OS: Linux 6.8.0-138-generic
2026/09/05 23:38:26 [notice] 1#1: getrlimit(RLIMIT_NOFILE): 1024:524288
2026/09/05 23:38:26 [notice] 1#1: start worker processes
2026/09/05 23:38:26 [notice] 1#1: start worker process 21
2026/09/05 23:38:26 [notice] 1#1: start worker process 22
2026/09/05 23:38:26 [notice] 1#1: start worker process 23
2026/09/05 23:38:26 [notice] 1#1: start worker process 24
2026/09/05 23:38:26 [notice] 1#1: start worker process 25
2026/09/05 23:38:26 [notice] 1#1: start worker process 26
2026/09/05 23:38:26 [notice] 1#1: start worker process 27
2026/09/05 23:38:26 [notice] 1#1: start worker process 28
2026/09/05 23:59:31 [error] 21#21: *277 open() "/usr/share/nginx/html/favicon.ico" failed (2: No such file or directory), client: 192.168.4.164, server: localhost, request: "GET /favicon.ico HTTP/1.1", host: "192.168.4.231:8080", referrer: "http://192.168.4.231:8080/"
2026/09/06 00:02:55 [notice] 1#1: using the "epoll" event method
2026/09/06 00:02:55 [notice] 1#1: nginx/1.31.5
2026/09/06 00:02:55 [notice] 1#1: built by gcc 15.2.0 (Alpine 15.2.0) 
2026/09/06 00:02:55 [notice] 1#1: OS: Linux 6.8.0-138-generic
2026/09/06 00:02:55 [notice] 1#1: getrlimit(RLIMIT_NOFILE): 1024:524288
2026/09/06 00:02:55 [notice] 1#1: start worker processes
2026/09/06 00:02:55 [notice] 1#1: start worker process 21
2026/09/06 00:02:55 [notice] 1#1: start worker process 22
2026/09/06 00:02:55 [notice] 1#1: start worker process 23
2026/09/06 00:02:55 [notice] 1#1: start worker process 24
2026/09/06 00:02:55 [notice] 1#1: start worker process 25
2026/09/06 00:02:55 [notice] 1#1: start worker process 26
2026/09/06 00:02:55 [notice] 1#1: start worker process 27
2026/09/06 00:02:55 [notice] 1#1: start worker process 28
2026/09/06 00:12:04 [notice] 1#1: signal 3 (SIGQUIT) received, shutting down
2026/09/06 00:12:04 [notice] 21#21: gracefully shutting down
2026/09/06 00:12:04 [notice] 23#23: gracefully shutting down
2026/09/06 00:12:04 [notice] 24#24: gracefully shutting down
2026/09/06 00:12:04 [notice] 22#22: gracefully shutting down
2026/09/06 00:12:04 [notice] 26#26: gracefully shutting down
2026/09/06 00:12:04 [notice] 25#25: gracefully shutting down
2026/09/06 00:12:04 [notice] 24#24: exiting
2026/09/06 00:12:04 [notice] 28#28: gracefully shutting down
2026/09/06 00:12:04 [notice] 22#22: exiting
2026/09/06 00:12:04 [notice] 23#23: exiting
2026/09/06 00:12:04 [notice] 21#21: exiting
2026/09/06 00:12:04 [notice] 26#26: exiting
2026/09/06 00:12:04 [notice] 25#25: exiting
2026/09/06 00:12:04 [notice] 28#28: exiting
2026/09/06 00:12:04 [notice] 26#26: exit
2026/09/06 00:12:04 [notice] 22#22: exit
2026/09/06 00:12:04 [notice] 23#23: exit
2026/09/06 00:12:04 [notice] 24#24: exit
2026/09/06 00:12:04 [notice] 28#28: exit
2026/09/06 00:12:04 [notice] 21#21: exit
2026/09/06 00:12:04 [notice] 25#25: exit
2026/09/06 00:12:04 [notice] 27#27: gracefully shutting down
2026/09/06 00:12:04 [notice] 27#27: exiting
2026/09/06 00:12:04 [notice] 27#27: exit
2026/09/06 00:12:04 [notice] 1#1: signal 17 (SIGCHLD) received from 28
2026/09/06 00:12:04 [notice] 1#1: worker process 28 exited with code 0
2026/09/06 00:12:04 [notice] 1#1: signal 29 (SIGIO) received
2026/09/06 00:12:04 [notice] 1#1: signal 17 (SIGCHLD) received from 23
2026/09/06 00:12:04 [notice] 1#1: worker process 23 exited with code 0
2026/09/06 00:12:04 [notice] 1#1: worker process 26 exited with code 0
2026/09/06 00:12:04 [notice] 1#1: signal 29 (SIGIO) received
2026/09/06 00:12:04 [notice] 1#1: signal 17 (SIGCHLD) received from 26
2026/09/06 00:12:04 [notice] 1#1: signal 17 (SIGCHLD) received from 21
2026/09/06 00:12:04 [notice] 1#1: worker process 21 exited with code 0
2026/09/06 00:12:04 [notice] 1#1: signal 29 (SIGIO) received
2026/09/06 00:12:04 [notice] 1#1: signal 17 (SIGCHLD) received from 25
2026/09/06 00:12:04 [notice] 1#1: worker process 25 exited with code 0
2026/09/06 00:12:04 [notice] 1#1: signal 29 (SIGIO) received
2026/09/06 00:12:04 [notice] 1#1: signal 17 (SIGCHLD) received from 24
2026/09/06 00:12:04 [notice] 1#1: worker process 24 exited with code 0
2026/09/06 00:12:04 [notice] 1#1: signal 29 (SIGIO) received
2026/09/06 00:12:04 [notice] 1#1: signal 17 (SIGCHLD) received from 22
2026/09/06 00:12:04 [notice] 1#1: worker process 22 exited with code 0
2026/09/06 00:12:04 [notice] 1#1: signal 29 (SIGIO) received
2026/09/06 00:12:04 [notice] 1#1: signal 17 (SIGCHLD) received from 27
2026/09/06 00:12:04 [notice] 1#1: worker process 27 exited with code 0
2026/09/06 00:12:04 [notice] 1#1: exit
